Command line invocation:
    /Applications/Xcode.app/Contents/Developer/usr/bin/xcodebuild -scheme LMS -destination "platform=iOS Simulator,name=iPhone 16 Pro" -configuration Debug build CODE_SIGNING_REQUIRED=NO

Build settings from command line:
    CODE_SIGNING_REQUIRED = NO

2025-06-26 20:32:16.958 xcodebuild[55105:38033178] Writing error result bundle to /var/folders/8m/gz8y23yj5czcm055zw7bzx600000gn/T/ResultBundle_2025-26-06_20-32-0016.xcresult
xcodebuild: error: The directory /Users/ishirokov/lms_docs does not contain an Xcode project, workspace or package.

